// Jest Snapshot v1, https://goo.gl/fbAQLP

exports[`SearchDropDown verify if SearchDropDown match snapshot 1`] = `
<div
  class="bx--search-drop-down bx--search-drop-down--large bx--search-drop-down--primary"
>
  <div
    aria-label=""
    class="bx--search bx--search--xl"
    role="search"
  >
    <svg
      aria-hidden="true"
      aria-label=""
      class="bx--search-magnifier"
      focusable="false"
      height="16"
      preserveAspectRatio="xMidYMid meet"
      role="img"
      style="will-change: transform;"
      viewBox="0 0 16 16"
      width="16"
      xmlns="http://www.w3.org/2000/svg"
    >
      <path
        d="M15 14.3L10.7 10c1.9-2.3 1.6-5.8-.7-7.7S4.2.7 2.3 3 .7 8.8 3 10.7c2 1.7 5 1.7 7 0l4.3 4.3.7-.7zM2 6.5C2 4 4 2 6.5 2S11 4 11 6.5 9 11 6.5 11 2 9 2 6.5z"
      />
    </svg>
    
    <input
      aria-label="search"
      class="bx--search-input"
      i18n="[object Object]"
      id="search-search_drop-down-1"
      placeholder=""
      title=""
      type="text"
      value=""
    />
    <button
      aria-label="Clear search input"
      class="bx--search-close bx--search-close--hidden"
      title="Clear input"
      type="button"
    >
      <svg
        aria-label="Clear search input"
        focusable="false"
        height="20"
        preserveAspectRatio="xMidYMid meet"
        role="img"
        style="will-change: transform;"
        viewBox="0 0 32 32"
        width="20"
        xmlns="http://www.w3.org/2000/svg"
      >
        <path
          d="M24 9.4L22.6 8 16 14.6 9.4 8 8 9.4l6.6 6.6L8 22.6 9.4 24l6.6-6.6 6.6 6.6 1.4-1.4-6.6-6.6L24 9.4z"
        />
      </svg>
    </button>
  </div>
  <div
    class="bx--search-drop-down--list"
    role="presentation"
  />
</div>
`;

exports[`SearchDropDown verify if SearchDropDownPortalAnchor match snapshot 1`] = `
<div
  style="position: relative; display: contents;"
>
  <div
    class="bx--search-drop-down-portal-anchor tst-class"
    style="position: absolute;"
  />
</div>
`;
